\BOOKMARK [0][-]{chapter*.1}{\376\377\000C\000o\000n\000t\000e\000n\000t\000s}{}% 1
\BOOKMARK [0][-]{chapter*.2}{\376\377\000L\000i\000s\000t\000\040\000o\000f\000\040\000F\000i\000g\000u\000r\000e\000s}{}% 2
\BOOKMARK [0][-]{chapter*.3}{\376\377\000L\000i\000s\000t\000\040\000o\000f\000\040\000T\000a\000b\000l\000e\000s}{}% 3
\BOOKMARK [0][-]{chapter*.4}{\376\377\000T\000h\000e\000s\000i\000s\000\040\000T\000o\000-\000d\000o\000\040\000L\000i\000s\000t}{}% 4
\BOOKMARK [0][-]{chapter*.5}{\376\377\000T\000h\000e\000s\000i\000s\000\040\000E\000p\000i\000g\000r\000a\000p\000h\000s}{}% 5
\BOOKMARK [0][-]{chapter.1}{\376\377\000I\000n\000t\000r\000o\000d\000u\000c\000t\000i\000o\000n}{}% 6
\BOOKMARK [1][-]{section.1.1}{\376\377\000A\000\040\000b\000r\000i\000e\000f\000\040\000h\000i\000s\000t\000o\000r\000y\000\040\000o\000f\000\040\000a\000s\000t\000r\000o\000n\000o\000m\000y}{chapter.1}% 7
\BOOKMARK [1][-]{section.1.2}{\376\377\000S\000t\000e\000l\000l\000a\000r\000\040\000M\000o\000d\000e\000l\000l\000i\000n\000g}{chapter.1}% 8
\BOOKMARK [2][-]{subsection.1.2.1}{\376\377\000P\000o\000p\000u\000l\000a\000t\000i\000o\000n\000\040\000S\000y\000n\000t\000h\000e\000s\000i\000s\000\040\000C\000o\000d\000e\000s}{section.1.2}% 9
\BOOKMARK [3][-]{subsubsection*.6}{\376\377\000D\000e\000t\000a\000i\000l\000e\000d\000\040\000P\000o\000p\000u\000l\000a\000t\000i\000o\000n\000\040\000S\000y\000n\000t\000h\000e\000s\000i\000s}{subsection.1.2.1}% 10
\BOOKMARK [3][-]{subsubsection*.7}{\376\377\000R\000a\000p\000i\000d\000\040\000P\000o\000p\000u\000l\000a\000t\000i\000o\000n\000\040\000S\000y\000n\000t\000h\000e\000s\000i\000s}{subsection.1.2.1}% 11
\BOOKMARK [3][-]{subsubsection*.8}{\376\377\0003\000D\000\040\000M\000H\000D\000\040\000S\000i\000m\000u\000l\000a\000t\000i\000o\000n\000s}{subsection.1.2.1}% 12
\BOOKMARK [1][-]{section.1.3}{\376\377\000T\000h\000e\000s\000i\000s\000\040\000O\000u\000t\000l\000i\000n\000e}{chapter.1}% 13
\BOOKMARK [0][-]{chapter.2}{\376\377\000T\000h\000e\000o\000r\000e\000t\000i\000c\000a\000l\000\040\000B\000a\000c\000k\000g\000r\000o\000u\000n\000d}{}% 14
\BOOKMARK [1][-]{section.2.1}{\376\377\000S\000t\000e\000l\000l\000a\000r\000\040\000F\000o\000r\000m\000a\000t\000i\000o\000n}{chapter.2}% 15
\BOOKMARK [1][-]{section.2.2}{\376\377\000S\000t\000e\000l\000l\000a\000r\000\040\000E\000v\000o\000l\000u\000t\000i\000o\000n}{chapter.2}% 16
\BOOKMARK [2][-]{subsection.2.2.1}{\376\377\000T\000h\000e\000\040\000c\000h\000e\000m\000i\000c\000a\000l\000\040\000c\000o\000m\000p\000o\000s\000i\000t\000i\000o\000n\000\040\000o\000f\000\040\000s\000t\000a\000r\000s}{section.2.2}% 17
\BOOKMARK [3][-]{subsubsection*.9}{\376\377\000H\000y\000d\000r\000o\000g\000e\000n\000\040\000b\000u\000r\000n\000i\000n\000g\000:\000\040\000t\000h\000e\000\040\000p\000p\000c\000h\000a\000i\000n}{subsection.2.2.1}% 18
\BOOKMARK [3][-]{subsubsection*.10}{\376\377\000T\000h\000e\000\040\000m\000e\000t\000a\000l\000l\000i\000c\000i\000t\000y\000\040\000o\000f\000\040\000t\000h\000e\000\040\000S\000u\000n}{subsection.2.2.1}% 19
\BOOKMARK [2][-]{subsection.2.2.2}{\376\377\000E\000v\000o\000l\000u\000t\000i\000o\000n\000a\000r\000y\000\040\000P\000a\000t\000h\000w\000a\000y\000s}{section.2.2}% 20
\BOOKMARK [3][-]{subsubsection*.11}{\376\377\000L\000o\000w\000-\000M\000a\000s\000s\000\040\000S\000t\000a\000r\000s\000:\000\040\000S\000t\000a\000r\000s\000\040\000w\000i\000t\000h\000\040\000b\000e\000t\000w\000e\000e\000n\000\040\0000\000.\0000\0008\000\040\000a\000n\000d\000\040\0002\000\040\000t\000i\000m\000e\000s\000\040\000t\000h\000e\000\040\000m\000a\000s\000s\000\040\000o\000f\000\040\000t\000h\000e\000\040\000s\000u\000n}{subsection.2.2.2}% 21
\BOOKMARK [3][-]{subsubsection*.12}{\376\377\000I\000n\000t\000e\000r\000m\000e\000d\000i\000a\000t\000e\000-\000M\000a\000s\000s\000\040\000S\000t\000a\000r\000s\000:\000\040\000S\000t\000a\000r\000s\000\040\000w\000i\000t\000h\000\040\000b\000e\000t\000w\000e\000e\000n\000\040\0002\000\040\000a\000n\000d\000\040\0008\000\040\000t\000i\000m\000e\000s\000\040\000t\000h\000e\000\040\000m\000a\000s\000s\000\040\000o\000f\000\040\000t\000h\000e\000\040\000s\000u\000n}{subsection.2.2.2}% 22
\BOOKMARK [3][-]{subsubsection*.13}{\376\377\000M\000a\000s\000s\000i\000v\000e\000\040\000S\000t\000a\000r\000s\000:\000\040\000S\000t\000a\000r\000s\000\040\000w\000i\000t\000h\000\040\000b\000e\000t\000w\000e\000e\000n\000\040\0008\000\040\000a\000n\000d\000\040\0008\0000\000\040\000t\000i\000m\000e\000s\000\040\000t\000h\000e\000\040\000m\000a\000s\000s\000\040\000o\000f\000\040\000t\000h\000e\000\040\000s\000u\000n}{subsection.2.2.2}% 23
\BOOKMARK [3][-]{subsubsection*.14}{\376\377\000V\000e\000r\000y\000\040\000M\000a\000s\000s\000i\000v\000e\000\040\000S\000t\000a\000r\000s\000:\000\040\000S\000t\000a\000r\000s\000\040\000w\000i\000t\000h\000\040\000b\000e\000t\000w\000e\000e\000n\000\040\0008\0000\000\040\000a\000n\000d\000\040\0003\0000\0000\000\040\000t\000i\000m\000e\000s\000\040\000t\000h\000e\000\040\000m\000a\000s\000s\000\040\000o\000f\000\040\000t\000h\000e\000\040\000s\000u\000n}{subsection.2.2.2}% 24
\BOOKMARK [2][-]{subsection.2.2.3}{\376\377\000R\000e\000l\000a\000t\000i\000v\000i\000s\000t\000i\000c\000\040\000c\000o\000r\000r\000e\000c\000t\000i\000o\000n\000s}{section.2.2}% 25
\BOOKMARK [1][-]{section.2.3}{\376\377\000S\000u\000p\000e\000r\000n\000o\000v\000a\000e}{chapter.2}% 26
\BOOKMARK [1][-]{section.2.4}{\376\377\000T\000w\000o\000\040\000t\000o\000\040\000t\000a\000n\000g\000o\000:\000\040\000B\000i\000n\000a\000r\000y\000\040\000E\000v\000o\000l\000u\000t\000i\000o\000n}{chapter.2}% 27
\BOOKMARK [2][-]{subsection.2.4.1}{\376\377\000B\000i\000n\000a\000r\000y\000\040\000s\000t\000a\000r\000\040\000k\000i\000n\000e\000m\000a\000t\000i\000c\000s}{section.2.4}% 28
\BOOKMARK [2][-]{subsection.2.4.2}{\376\377\000M\000a\000s\000s\000\040\000T\000r\000a\000n\000s\000f\000e\000r\000\040\000E\000f\000f\000i\000c\000i\000e\000n\000c\000y}{section.2.4}% 29
\BOOKMARK [2][-]{subsection.2.4.3}{\376\377\000R\000o\000c\000h\000e\000\040\000L\000o\000b\000e\000s}{section.2.4}% 30
\BOOKMARK [3][-]{subsubsection*.15}{\376\377\000R\000o\000c\000h\000e\000\040\000L\000o\000b\000e\000\040\000O\000v\000e\000r\000f\000l\000o\000w\000\040\040\023\000\040\000t\000h\000e\000\040\000i\000n\000n\000e\000r\000\040\000L\000a\000g\000r\000a\000n\000g\000i\000a\000n\000\040\000p\000o\000i\000n\000t}{subsection.2.4.3}% 31
\BOOKMARK [3][-]{subsubsection*.16}{\376\377\000R\000o\000c\000h\000e\000\040\000L\000o\000b\000e\000\040\000O\000v\000e\000r\000f\000l\000o\000w\000\040\040\023\000\040\000t\000h\000e\000\040\000o\000u\000t\000e\000r\000\040\000L\000a\000g\000r\000a\000n\000g\000i\000a\000n\000\040\000p\000o\000i\000n\000t}{subsection.2.4.3}% 32
\BOOKMARK [2][-]{subsection.2.4.4}{\376\377\000C\000o\000m\000m\000o\000n\000\040\000E\000n\000v\000e\000l\000o\000p\000e\000\040\000E\000v\000o\000l\000u\000t\000i\000o\000n}{section.2.4}% 33
\BOOKMARK [3][-]{subsubsection*.17}{\376\377\000T\000h\000e\000\040\000a\000l\000p\000h\000a\000-\000l\000a\000m\000b\000d\000a\000\040\000p\000r\000e\000s\000c\000r\000i\000p\000t\000i\000o\000n}{subsection.2.4.4}% 34
\BOOKMARK [3][-]{subsubsection*.18}{\376\377\000T\000h\000e\000\040\000g\000a\000m\000m\000a\000\040\000p\000r\000e\000s\000c\000r\000i\000p\000t\000i\000o\000n}{subsection.2.4.4}% 35
\BOOKMARK [2][-]{subsection.2.4.5}{\376\377\000C\000h\000e\000m\000i\000c\000a\000l\000\040\000P\000o\000l\000l\000u\000t\000i\000o\000n\000\040\000\046\000\040\000E\000n\000r\000i\000c\000h\000m\000e\000n\000t}{section.2.4}% 36
\BOOKMARK [1][-]{section.2.5}{\376\377\000P\000o\000s\000t\000-\000S\000u\000p\000e\000r\000n\000o\000v\000a}{chapter.2}% 37
\BOOKMARK [2][-]{subsection.2.5.1}{\376\377\000M\000e\000r\000g\000e\000r\000\040\000R\000a\000t\000e\000s\000\040\000o\000f\000\040\000c\000o\000m\000p\000a\000c\000t\000\040\000b\000i\000n\000a\000r\000i\000e\000s}{section.2.5}% 38
\BOOKMARK [1][-]{section.2.6}{\376\377\000A\000\040\000F\000i\000n\000a\000l\000\040\000N\000o\000t\000e\000:\000\040\000S\000t\000e\000l\000l\000a\000r\000\040\000A\000t\000m\000o\000s\000p\000h\000e\000r\000e\000s}{chapter.2}% 39
\BOOKMARK [1][-]{section.2.7}{\376\377\000N\000u\000m\000e\000r\000i\000c\000a\000l\000\040\000i\000m\000p\000l\000e\000m\000e\000n\000t\000a\000t\000i\000o\000n}{chapter.2}% 40
\BOOKMARK [2][-]{subsection.2.7.1}{\376\377\000T\000h\000e\000\040\000C\000a\000m\000b\000r\000i\000d\000g\000e\000\040\000s\000t\000a\000r\000s\000\040\000c\000o\000d\000e}{section.2.7}% 41
\BOOKMARK [3][-]{subsubsection*.19}{\376\377\000B\000r\000i\000e\000f\000\040\000H\000i\000s\000t\000o\000r\000y}{subsection.2.7.1}% 42
\BOOKMARK [3][-]{subsubsection*.20}{\376\377\000M\000a\000t\000r\000i\000x\000\040\000I\000n\000v\000e\000r\000s\000i\000o\000n}{subsection.2.7.1}% 43
\BOOKMARK [3][-]{subsubsection*.21}{\376\377\000I\000n\000i\000t\000i\000a\000l\000\040\000C\000o\000n\000d\000i\000t\000i\000o\000n\000\040\000S\000e\000l\000e\000c\000t\000i\000o\000n}{subsection.2.7.1}% 44
\BOOKMARK [3][-]{subsubsection*.22}{\376\377\000T\000i\000m\000e\000s\000t\000e\000p\000\040\000c\000o\000n\000t\000r\000o\000l}{subsection.2.7.1}% 45
\BOOKMARK [3][-]{subsubsection*.23}{\376\377\000N\000u\000m\000e\000r\000i\000c\000a\000l\000\040\000i\000n\000s\000t\000a\000b\000i\000l\000i\000t\000i\000e\000s}{subsection.2.7.1}% 46
\BOOKMARK [2][-]{subsection.2.7.2}{\376\377\000T\000h\000e\000\040\000T\000u\000i\000\040\000c\000o\000d\000e}{section.2.7}% 47
\BOOKMARK [1][-]{section.2.8}{\376\377\000C\000h\000a\000p\000t\000e\000r\000\040\000S\000u\000m\000m\000a\000r\000y}{chapter.2}% 48
\BOOKMARK [0][-]{chapter.3}{\376\377\000S\000t\000e\000l\000l\000a\000r\000\040\000E\000v\000o\000l\000u\000t\000i\000o\000n\000\040\000S\000y\000n\000t\000h\000e\000s\000i\000s\000:\000\040\000R\000e\000s\000u\000l\000t\000s}{}% 49
\BOOKMARK [1][-]{section.3.1}{\376\377\000T\000h\000e\000\040\000K\000a\000i\000t\000i\000a\000k\000i\000\040\000g\000r\000i\000d\000-\000w\000a\000t\000c\000h\000e\000r\000\040\000c\000o\000d\000e}{chapter.3}% 50
\BOOKMARK [1][-]{section.3.2}{\376\377\000G\000e\000n\000e\000r\000a\000l\000\040\000B\000i\000n\000a\000r\000y\000\040\000E\000v\000o\000l\000u\000t\000i\000o\000n}{chapter.3}% 51
\BOOKMARK [2][-]{subsection.3.2.1}{\376\377\000R\000a\000t\000i\000o\000n\000a\000l\000e}{section.3.2}% 52
\BOOKMARK [2][-]{subsection.3.2.2}{\376\377\000F\000i\000d\000u\000c\000i\000a\000l\000\040\000c\000o\000m\000p\000a\000r\000i\000s\000o\000n}{section.3.2}% 53
\BOOKMARK [1][-]{section.3.3}{\376\377\000C\000l\000o\000s\000e\000-\000C\000o\000n\000t\000a\000c\000t\000\040\000B\000i\000n\000a\000r\000i\000e\000s}{chapter.3}% 54
\BOOKMARK [2][-]{subsection.3.3.1}{\376\377\000R\000a\000t\000i\000o\000n\000a\000l\000e}{section.3.3}% 55
\BOOKMARK [2][-]{subsection.3.3.2}{\376\377\000P\000a\000r\000a\000m\000e\000t\000e\000r\000\040\000S\000e\000l\000e\000c\000t\000i\000o\000n}{section.3.3}% 56
\BOOKMARK [2][-]{subsection.3.3.3}{\376\377\000I\000n\000t\000e\000r\000a\000c\000t\000i\000o\000n\000\040\000E\000f\000f\000e\000c\000t\000s\000\040\000a\000n\000d\000\040\000R\000o\000c\000h\000e\000\040\000L\000o\000b\000e\000\040\000o\000v\000e\000r\000f\000l\000o\000w}{section.3.3}% 57
\BOOKMARK [1][-]{section.3.4}{\376\377\000S\000t\000r\000i\000p\000p\000e\000d\000\040\000H\000e\000l\000i\000u\000m\000\040\000S\000t\000a\000r\000s}{chapter.3}% 58
\BOOKMARK [1][-]{section.3.5}{\376\377\000C\000h\000a\000p\000t\000e\000r\000\040\000S\000u\000m\000m\000a\000r\000y}{chapter.3}% 59
\BOOKMARK [0][-]{chapter.4}{\376\377\000P\000o\000s\000t\000-\000S\000u\000p\000e\000r\000n\000o\000v\000a\000\040\000K\000i\000n\000e\000m\000a\000t\000i\000c\000s\000:\000\040\000T\000h\000e\000\040\000N\000a\000t\000a\000l\000\040\000S\000u\000p\000e\000r\000n\000o\000v\000a\000\040\000K\000i\000c\000k}{}% 60
\BOOKMARK [1][-]{section.4.1}{\376\377\000O\000v\000e\000r\000v\000i\000e\000w}{chapter.4}% 61
\BOOKMARK [2][-]{subsection.4.1.1}{\376\377\000P\000a\000r\000a\000m\000e\000t\000e\000r\000\040\000s\000p\000a\000c\000e}{section.4.1}% 62
\BOOKMARK [2][-]{subsection.4.1.2}{\376\377\000N\000a\000t\000a\000l\000\040\000K\000i\000c\000k\000\040\000P\000r\000e\000s\000c\000r\000i\000p\000t\000i\000o\000n\000s}{section.4.1}% 63
\BOOKMARK [2][-]{subsection.4.1.3}{\376\377\000T\000h\000e\000\040\000T\000a\000k\000a\000h\000e\000\040\000b\000i\000n\000a\000r\000y\000\040\000e\000v\000o\000l\000u\000t\000i\000o\000n\000\040\000c\000o\000d\000e}{section.4.1}% 64
\BOOKMARK [1][-]{section.4.2}{\376\377\000M\000e\000r\000g\000e\000r\000\040\000R\000a\000t\000e\000s\000\040\000o\000f\000\040\000B\000N\000S\000\040\000s\000y\000s\000t\000e\000m\000s}{chapter.4}% 65
\BOOKMARK [1][-]{section.4.3}{\376\377\000P\000e\000r\000i\000o\000d\000-\000E\000c\000c\000e\000n\000t\000r\000i\000c\000i\000t\000y\000\040\000D\000i\000s\000t\000r\000i\000b\000u\000t\000i\000o\000n\000s}{chapter.4}% 66
\BOOKMARK [2][-]{subsection.4.3.1}{\376\377\000L\000o\000g\000-\000L\000i\000k\000e\000l\000i\000h\000o\000o\000d\000\040\000c\000a\000l\000c\000u\000l\000a\000t\000i\000o\000n\000s}{section.4.3}% 67
\BOOKMARK [1][-]{section.4.4}{\376\377\000S\000i\000n\000g\000l\000e\000-\000S\000t\000a\000r\000\040\000K\000i\000c\000k\000\040\000V\000e\000l\000o\000c\000i\000t\000i\000e\000s}{chapter.4}% 68
\BOOKMARK [2][-]{subsection.4.4.1}{\376\377\000P\000u\000l\000s\000a\000r\000\040\000d\000a\000t\000a\000s\000e\000t}{section.4.4}% 69
\BOOKMARK [1][-]{section.4.5}{\376\377\000P\000r\000o\000d\000u\000c\000t\000i\000o\000n\000\040\000o\000f\000\040\000U\000l\000t\000r\000a\000-\000S\000t\000r\000i\000p\000p\000e\000d\000\040\000S\000u\000p\000e\000r\000n\000o\000v\000a\000e}{chapter.4}% 70
\BOOKMARK [1][-]{section.4.6}{\376\377\000R\000e\000f\000i\000n\000e\000m\000e\000n\000t\000\040\000o\000f\000\040\000t\000h\000e\000\040\000p\000a\000r\000a\000m\000e\000t\000e\000r\000\040\000s\000p\000a\000c\000e}{chapter.4}% 71
\BOOKMARK [1][-]{section.4.7}{\376\377\000C\000h\000a\000p\000t\000e\000r\000\040\000S\000u\000m\000m\000a\000r\000y}{chapter.4}% 72
\BOOKMARK [0][-]{chapter.5}{\376\377\000C\000o\000n\000c\000l\000u\000s\000i\000o\000n}{}% 73
\BOOKMARK [1][-]{section.5.1}{\376\377\000S\000u\000m\000m\000a\000r\000y}{chapter.5}% 74
\BOOKMARK [1][-]{section.5.2}{\376\377\000L\000i\000m\000i\000t\000a\000t\000i\000o\000n\000s}{chapter.5}% 75
\BOOKMARK [1][-]{section.5.3}{\376\377\000S\000u\000g\000g\000e\000s\000t\000e\000d\000\040\000F\000u\000t\000u\000r\000e\000\040\000W\000o\000r\000k}{chapter.5}% 76
\BOOKMARK [0][-]{section*.24}{\376\377\000A\000p\000p\000e\000n\000d\000i\000c\000e\000s}{}% 77
\BOOKMARK [0][-]{appendix.a.A}{\376\377\000C\000o\000d\000e\000\040\000S\000a\000m\000p\000l\000e\000s}{}% 78
\BOOKMARK [0][-]{appendix.a.B}{\376\377\000C\000o\000d\000e\000\040\000V\000e\000r\000s\000i\000o\000n\000s}{}% 79
\BOOKMARK [0][-]{appendix.a.C}{\376\377\000P\000e\000r\000i\000o\000d\000-\000E\000c\000c\000e\000n\000t\000r\000i\000c\000i\000t\000y\000\040\000d\000i\000s\000t\000r\000i\000b\000u\000t\000i\000o\000n\000s\000\040\000a\000l\000o\000n\000g\000\040\000t\000h\000e\000\040\000l\000v\000k\000\040\000o\0003\000\040\000c\000o\000n\000t\000o\000u\000r}{}% 80
\BOOKMARK [0][-]{appendix.a.D}{\376\377\000P\000a\000r\000a\000m\000e\000t\000e\000r\000\040\000C\000o\000n\000f\000i\000g\000u\000r\000a\000t\000i\000o\000n}{}% 81
\BOOKMARK [0][-]{appendix*.25}{\376\377\000B\000i\000b\000l\000i\000o\000g\000r\000a\000p\000h\000y}{}% 82
